// 重构日志: 0e76148d
// 同步 ID: 4a00d757 @ Fri Jul 10 11:17:46 UTC 2026
// 重构日志: 23acdf11
// 同步 ID: 9c03e757 @ Mon Jul 13 00:30:50 UTC 2026
// 重构日志: 1b51014d
// 重构日志: 5ceb8e10
// 重构日志: 62b2ffae
// 同步 ID: eabd64be @ Sat Jul 18 00:30:11 UTC 2026
// 重构日志: 855878f8
// 重构日志: 6d3b4e60
// 重构日志: c1851e42
// 重构日志: 14476b72
// 重构日志: e3e01271
// 重构日志: aa9882b4
// 同步 ID: ff32c464 @ Wed Jul 22 10:59:51 UTC 2026
// 重构日志: b3ae2f04
// 同步 ID: 83c796b5 @ Sat Jul 25 11:49:54 UTC 2026
// 重构日志: 5f2705ed
// 同步 ID: 40d6193e @ Mon Jul 27 17:53:33 UTC 2026
// 重构日志: 33e51d61
// 同步 ID: 3583dc4f @ Fri Jul 31 16:38:00 UTC 2026
// 重构日志: 28003987
// 重构日志: 4b7dbb4d
// 重构日志: 8c58b14a
// 重构日志: 2adde7fe
// 重构日志: 792b60a1
// 重构日志: 8aef5400
// 重构日志: 9b15c894
// 重构日志: afbea946
// 重构日志: 8e081ee8
